2026-08-05 17:08:19.614[1785929899614] | INFO  | restartedMain | c.n.b.BinanceBackendApplication      - Starting BinanceBackendApplication using Java 21.0.12 with PID 1448 (D:\SDE-Projects\Navrasa\binanceBackend\target\classes started by ANKIT DOI in D:\SDE-Projects\Navrasa\binanceBackend)
2026-08-05 17:08:19.614[1785929899614] | INFO  | restartedMain | c.n.b.BinanceBackendApplication      - No active profile set, falling back to 1 default profile: "default"
2026-08-05 17:08:19.762[1785929899762] | INFO  | restartedMain | o.s.b.d.e.DevToolsPropertyDefaultsPostProcessor - Devtools property defaults active! Set 'spring.devtools.add-properties' to 'false' to disable
2026-08-05 17:08:19.762[1785929899762] | INFO  | restartedMain | o.s.b.d.e.DevToolsPropertyDefaultsPostProcessor - For additional web related logging consider setting the 'logging.level.web' property to 'DEBUG'
2026-08-05 17:08:24.856[1785929904856] | INFO  | restartedMain | o.s.b.w.e.tomcat.TomcatWebServer     - Tomcat initialized with port 8080 (http)
2026-08-05 17:08:24.877[1785929904877] | INFO  | restartedMain | o.a.coyote.http11.Http11NioProtocol  - Initializing ProtocolHandler ["http-nio-8080"]
2026-08-05 17:08:24.880[1785929904880] | INFO  | restartedMain | o.a.catalina.core.StandardService    - Starting service [Tomcat]
2026-08-05 17:08:24.882[1785929904882] | INFO  | restartedMain | o.a.catalina.core.StandardEngine     - Starting Servlet engine: [Apache Tomcat/10.1.24]
2026-08-05 17:08:25.009[1785929905009] | INFO  | restartedMain | o.a.c.c.C.[Tomcat].[localhost].[/]   - Initializing Spring embedded WebApplicationContext
2026-08-05 17:08:25.010[1785929905010] | INFO  | restartedMain | o.s.b.w.s.c.ServletWebServerApplicationContext - Root WebApplicationContext: initialization completed in 5247 ms
2026-08-05 17:08:25.819[1785929905819] | INFO  | restartedMain | o.s.b.d.a.OptionalLiveReloadServer   - LiveReload server is running on port 35729
2026-08-05 17:08:25.848[1785929905848] | INFO  | restartedMain | o.a.coyote.http11.Http11NioProtocol  - Starting ProtocolHandler ["http-nio-8080"]
2026-08-05 17:08:25.899[1785929905899] | INFO  | restartedMain | o.s.b.w.e.tomcat.TomcatWebServer     - Tomcat started on port 8080 (http) with context path '/'
2026-08-05 17:08:25.919[1785929905919] | INFO  | restartedMain | c.n.b.BinanceBackendApplication      - Started BinanceBackendApplication in 7.14 seconds (process running for 9.457)
2026-08-05 17:10:13.397[1785930013397] | INFO  | http-nio-8080-exec-2 | o.a.c.c.C.[Tomcat].[localhost].[/]   - Initializing Spring DispatcherServlet 'dispatcherServlet'
2026-08-05 17:10:13.397[1785930013397] | INFO  | http-nio-8080-exec-2 | o.s.web.servlet.DispatcherServlet    - Initializing Servlet 'dispatcherServlet'
2026-08-05 17:10:13.400[1785930013400] | INFO  | http-nio-8080-exec-2 | o.s.web.servlet.DispatcherServlet    - Completed initialization in 1 ms
2026-08-05 17:17:23.131[1785930443131] | INFO  | restartedMain | c.n.b.BinanceBackendApplication      - Starting BinanceBackendApplication using Java 21.0.12 with PID 8664 (D:\SDE-Projects\Navrasa\binanceBackend\target\classes started by ANKIT DOI in D:\SDE-Projects\Navrasa\binanceBackend)
2026-08-05 17:17:23.135[1785930443135] | INFO  | restartedMain | c.n.b.BinanceBackendApplication      - No active profile set, falling back to 1 default profile: "default"
2026-08-05 17:17:23.345[1785930443345] | INFO  | restartedMain | o.s.b.d.e.DevToolsPropertyDefaultsPostProcessor - Devtools property defaults active! Set 'spring.devtools.add-properties' to 'false' to disable
2026-08-05 17:17:23.357[1785930443357] | INFO  | restartedMain | o.s.b.d.e.DevToolsPropertyDefaultsPostProcessor - For additional web related logging consider setting the 'logging.level.web' property to 'DEBUG'
2026-08-05 17:17:25.467[1785930445467] | INFO  | restartedMain | o.s.b.w.e.tomcat.TomcatWebServer     - Tomcat initialized with port 8080 (http)
2026-08-05 17:17:25.491[1785930445491] | INFO  | restartedMain | o.a.coyote.http11.Http11NioProtocol  - Initializing ProtocolHandler ["http-nio-8080"]
2026-08-05 17:17:25.499[1785930445499] | INFO  | restartedMain | o.a.catalina.core.StandardService    - Starting service [Tomcat]
2026-08-05 17:17:25.501[1785930445501] | INFO  | restartedMain | o.a.catalina.core.StandardEngine     - Starting Servlet engine: [Apache Tomcat/10.1.24]
2026-08-05 17:17:25.600[1785930445600] | INFO  | restartedMain | o.a.c.c.C.[Tomcat].[localhost].[/]   - Initializing Spring embedded WebApplicationContext
2026-08-05 17:17:25.600[1785930445600] | INFO  | restartedMain | o.s.b.w.s.c.ServletWebServerApplicationContext - Root WebApplicationContext: initialization completed in 2242 ms
2026-08-05 17:17:26.273[1785930446273] | INFO  | restartedMain | o.s.b.d.a.OptionalLiveReloadServer   - LiveReload server is running on port 35729
2026-08-05 17:17:26.305[1785930446305] | INFO  | restartedMain | o.a.coyote.http11.Http11NioProtocol  - Starting ProtocolHandler ["http-nio-8080"]
2026-08-05 17:17:26.361[1785930446361] | INFO  | restartedMain | o.s.b.w.e.tomcat.TomcatWebServer     - Tomcat started on port 8080 (http) with context path '/'
2026-08-05 17:17:26.386[1785930446386] | INFO  | restartedMain | c.n.b.BinanceBackendApplication      - Started BinanceBackendApplication in 3.869 seconds (process running for 5.142)
2026-08-05 17:17:26.538[1785930446538] | INFO  | http-nio-8080-exec-1 | o.a.c.c.C.[Tomcat].[localhost].[/]   - Initializing Spring DispatcherServlet 'dispatcherServlet'
2026-08-05 17:17:26.541[1785930446541] | INFO  | http-nio-8080-exec-1 | o.s.web.servlet.DispatcherServlet    - Initializing Servlet 'dispatcherServlet'
2026-08-05 17:17:26.544[1785930446544] | INFO  | http-nio-8080-exec-1 | o.s.web.servlet.DispatcherServlet    - Completed initialization in 2 ms
2026-08-05 17:18:16.234[1785930496234] | INFO  | http-nio-8080-exec-3 | c.b.c.f.client.utils.RequestHandler  - POST https://testnet.binancefuture.com/fapi/v1/positionSide/dual?dualSidePosition=true&timestamp=1785930496212&signature=6d8ebea8722132b58ad75fb66a05dc149579e9bdf4eb41cff102e78078be0b16
2026-08-05 17:18:17.176[1785930497176] | INFO  | http-nio-8080-exec-3 | c.b.c.f.client.utils.RequestHandler  - POST https://testnet.binancefuture.com/fapi/v1/marginType?symbol=BTCUSDT&marginType=CROSSED&timestamp=1785930497176&signature=e78c9a5c8b3492cf93cd0c26029ac8ac760d9cd2a808b0dc0aad467ac95d329a
2026-08-05 17:18:17.428[1785930497428] | INFO  | http-nio-8080-exec-3 | c.b.c.f.client.utils.RequestHandler  - POST https://testnet.binancefuture.com/fapi/v1/leverage?symbol=BTCUSDT&leverage=10&timestamp=1785930497427&signature=5437571998db245b3f8e3abc780d9bcc12a31f55ba20ece0d6d853d47e23d94d
2026-08-05 17:18:17.953[1785930497953] | INFO  | http-nio-8080-exec-3 | c.b.c.f.client.utils.RequestHandler  - POST https://testnet.binancefuture.com/fapi/v1/order?symbol=BTCUSDT&side=BUY&positionSide=LONG&type=MARKET&quantity=0.016&timestamp=1785930497953&signature=73b0746b60ac6b9876d183465412816b100d6255bb470d0c9c4782a8b3721f84
2026-08-05 17:21:47.907[1785930707907] | INFO  | http-nio-8080-exec-4 | c.b.c.f.client.utils.RequestHandler  - POST https://testnet.binancefuture.com/fapi/v1/positionSide/dual?dualSidePosition=true&timestamp=1785930707901&signature=32f797daafe0c2b2e23cab1893bf0ff200f05b8197619183652d1f0f6c73bf4a
2026-08-05 17:21:48.216[1785930708216] | INFO  | http-nio-8080-exec-4 | c.b.c.f.client.utils.RequestHandler  - POST https://testnet.binancefuture.com/fapi/v1/marginType?symbol=BTCUSDT&marginType=CROSSED&timestamp=1785930708216&signature=50d3f52acfc8a1464bd16f84e6df165dd8a7d42b89b094b47630d63d29632578
2026-08-05 17:21:48.506[1785930708506] | INFO  | http-nio-8080-exec-4 | c.b.c.f.client.utils.RequestHandler  - POST https://testnet.binancefuture.com/fapi/v1/leverage?symbol=BTCUSDT&leverage=10&timestamp=1785930708506&signature=5f175deddd705cf92f5da48bb04370b789ca2e55a156950d9147ca4c8a72b2b2
2026-08-05 17:21:48.724[1785930708724] | INFO  | http-nio-8080-exec-4 | c.b.c.f.client.utils.RequestHandler  - POST https://testnet.binancefuture.com/fapi/v1/order?symbol=BTCUSDT&side=BUY&positionSide=LONG&type=MARKET&quantity=0.016&timestamp=1785930708724&signature=7e058417ccba7007eb490d15542612a30183556edb2840ffd63dab10e57de84b
